################################################################################################################################################################
#########################################55555555555555555555555555555555555555#################################################################################
#########################################55555555555555555555555555555555555555#################################################################################
#########################################55555555555555555555555555555555555555#################################################################################
#########################################55555555555555555555555555555555555555#################################################################################
#########################################55555555555555555555555555555555555555#################################################################################
#########################################55555555555555555555555555555555555555#################################################################################
#########################################55555555555555555555555555555555555555#################################################################################
#########################################55555555555555555555555555555555555555#################################################################################
#########################################55555555555555555555555555555555555555#################################################################################
#########################################################################555555#################################################################################
#################################################.......................#555555#################################################################################
#################################################.......................#555555#################################################################################
#################################################.......................#555555#################################################################################
#################################################.......................#555555#################################################################################
#################################################.......................#555555#################################################################################
#################################################.......................#555555#################################################################################
#################################################.......................#555555#################################################################################
#################################################.......................#555555#################################################################################
#################################################.......................#555555#################################################################################
#################################################.......................#555555#################################################################################
#################################################.......................#555555#################################################################################
#################################################.......................#555555#################################################################################
#########################################...............................#555555#################################################################################
#########################################.................p.............#555555#################################################################################
#########################################...............................#555555#################################################################################
############################################################.############555555#################################################################################
#########################################................................555555#################################################################################
#########################################................................555555#################################################################################
#########################################................................555555#################################################################################
#########################################................................555555#################################################################################
#########################################.......#.......#.......#.......#555555#################################################################################
#########################################.......#.#############.#.......#555555#################################################################################
#########################################.......#.......#.......#.......#555555#################################################################################
#########################################.......#######.#.#######.......#555555#################################################################################
#########################################.......#.......#.......#.......#555555#################################################################################
#########################################.......#.#############.#.......#555555#################################################################################
#########################################.......#.......#.......#.......#555555#################################################################################
#########################################.......#######...#######.......#555555#################################################################################
################################################################################################################################################################
################################################################################################################################################################
################################################################################################################################################################
################################################################################################################################################################
################################################################################################################################################################
################################################################################################################################################################
################################################################################################################################################################
################################################################################################################################################################
################################################################################################################################################################
################################################################################################################################################################
################################################################################################################################################################
################################################################################################################################################################
################################################################################################################################################################
################################################################################################################################################################
################################################################################################################################################################
################################################################################################################################################################
################################################################################################################################################################
################################################################################################################################################################
################################################################################################################################################################
################################################################################################################################################################
################################################################################################################################################################
################################################################################################################################################################
################################################################################################################################################################
################################################################################################################################################################
################################################################################################################################################################
################################################################################################################################################################
################################################################################################################################################################
################################################################################################################################################################
################################################################################################################################################################
################################################################################################################################################################
################################################################################################################################################################
################################################################################################################################################################
################################################################################################################################################################
################################################################################################################################################################
################################################################################################################################################################
################################################################################################################################################################
################################################################################################################################################################
################################################################################################################################################################
################################################################################################################################################################
################################################################################################################################################################
################################################################################################################################################################
################################################################################################################################################################
################################################################################################################################################################
################################################################################################################################################################
################################################################################################################################################################
################################################################################################################################################################
################################################################################################################################################################
################################################################################################################################################################
################################################################################################################################################################
################################################################################################################################################################
################################################################################################################################################################
################################################################################################################################################################
################################################################################################################################################################
################################################################################################################################################################
################################################################################################################################################################
################################################################################################################################################################
################################################################################################################################################################
################################################################################################################################################################
################################################################################################################################################################
################################################################################################################################################################
################################################################################################################################################################
################################################################################################################################################################
################################################################################################################################################################
################################################################################################################################################################
################################################################################################################################################################
################################################################################################################################################################
################################################################################################################################################################
################################################################################################################################################################
################################################################################################################################################################
################################################################################################################################################################
################################################################################################################################################################
################################################################################################################################################################
################################################################################################################################################################
################################################################################################################################################################
################################################################################################################################################################
################################################################################################################################################################
################################################################################################################################################################
################################################################################################################################################################
################################################################################################################################################################
################################################################################################################################################################
################################################################################################################################################################
################################################################################################################################################################
################################################################################################################################################################
################################################################################################################################################################
################################################################################################################################################################
################################################################################################################################################################
################################################################################################################################################################
################################################################################################################################################################
################################################################################################################################################################
################################################################################################################################################################
################################################################################################################################################################
################################################################################################################################################################
################################################################################################################################################################
################################################################################################################################################################
################################################################################################################################################################
################################################################################################################################################################
################################################################################################################################################################
################################################################################################################################################################
################################################################################################################################################################
################################################################################################################################################################
################################################################################################################################################################
################################################################################################################################################################
################################################################################################################################################################
################################################################################################################################################################
################################################################################################################################################################
################################################################################################################################################################
################################################################################################################################################################
################################################################################################################################################################
################################################################################################################################################################
################################################################################################################################################################
################################################################################################################################################################
################################################################################################################################################################
################################################################################################################################################################
################################################################################################################################################################
################################################################################################################################################################
################################################################################################################################################################
################################################################################################################################################################
################################################################################################################################################################
################################################################################################################################################################
################################################################################################################################################################
################################################################################################################################################################
################################################################################################################################################################
################################################################################################################################################################
################################################################################################################################################################
################################################################################################################################################################
################################################################################################################################################################
################################################################################################################################################################
################################################################################################################################################################
################################################################################################################################################################
################################################################################################################################################################
################################################################################################################################################################
################################################################################################################################################################
################################################################################################################################################################
################################################################################################################################################################
################################################################################################################################################################
################################################################################################################################################################
################################################################################################################################################################
################################################################################################################################################################
################################################################################################################################################################
################################################################################################################################################################
################################################################################################################################################################
################################################################################################################################################################
################################################################################################################################################################
################################################################################################################################################################
################################################################################################################################################################
################################################################################################################################################################
################################################################################################################################################################
################################################################################################################################################################
################################################################################################################################################################
################################################################################################################################################################
################################################################################################################################################################
################################################################################################################################################################
################################################################################################################################################################
################################################################################################################################################################